// Jest Snapshot v1, https://goo.gl/fbAQLP

exports[`component.UI.PasswordInput should render correctly 1`] = `
<PasswordInput___StyledInput
  field="password"
  type="password"
>
  <PasswordInput__StyledEyeIcon
    onClick={[Function]}
  />
</PasswordInput___StyledInput>
`;
