// Jest Snapshot v1, https://goo.gl/fbAQLP

exports[`component.UI.BackgroundLightest should render correctly 1`] = `
.c0 {
  color: primaryText;
  background-color: lightestBackground;
}

<div
  className="c0"
  color="primaryText"
/>
`;
