// Jest Snapshot v1, https://goo.gl/fbAQLP

exports[`component.UI.MainContent should render correctly 1`] = `
.c0 {
  box-sizing: border-box;
  width: 100%;
  height: 100%;
  overflow-y: overlay;
  overflow-x: hidden;
}

<article
  className="c0"
  width={1}
/>
`;
