// Jest Snapshot v1, https://goo.gl/fbAQLP

exports[`component.UI.Text should render correctly 1`] = `
.c0 {
  font-size: m;
  color: primaryText;
  line-height: 1.4;
}

<div
  className="c0"
  color="primaryText"
  fontSize="m"
/>
`;
